Completed in 77.16008505999s
Successful: 1, Failed: 2
Aggregate cost: $0.3580
  [failed] Use sandbox to compute the first 1000 primes and return the 
    halted_for: None
    cost: $0.1357
    summary: **Result**

The sandbox (via the `coding_agent` tool) was used to create a short Python script that generates the first 1,000 prime numbers and prints their count. The script runs without error and ou...
  [ok] Use sandbox to compute fibonacci(50) and return the result
    halted_for: None
    cost: $0.1054
    summary: The computed 50th Fibonacci number is:

**12586269025**...
  [failed] Use sandbox to compute the factorial of 100 and return the l
    halted_for: None
    cost: $0.1169
    summary: **Factorial of 100 – Last 20 Digits**

The number of trailing zeros in a factorial n! is given by the sum  

\[
\left\lfloor\frac{n}{5}\right\rfloor + \left\lfloor\frac{n}{5^2}\right\rfloor + \left\lf...
